121.212.121.212 - - [07/Mar/2004:00:00:00 -0800] "GET /robots.txt HTTP/1.1" 200 69
121.212.121.212 - - [08/Mar/2004:00:00:00 -0800] "GET /robots.txt HTTP/1.1" 200 69
121.212.121.212 - - [09/Mar/2004:00:00:00 -0800] "GET /robots.txt HTTP/1.1" 200 69
121.212.121.212 - - [07/May/2004:00:00:00 -0800] "GET /robots.txt HTTP/1.1" 200 69
121.212.121.212 - - [07/May/2004:00:00:01 -0800] "GET /robots.txt HTTP/1.1" 200 69
121.212.121.212 - - [26/Jun/2004:00:00:00 -0800] "GET /robots.txt HTTP/1.1" 200 69
121.212.121.212 - - [07/Jul/2004:00:00:00 -0800] "GET /robots.txt HTTP/1.1" 200 69
121.212.121.212 - - [07/Mar/2005:00:00:00 -0800] "GET /robots.txt HTTP/1.1" 200 69
121.212.121.212 - - [07/Mar/2005:00:20:00 -0800] "GET /robots.txt HTTP/1.1" 200 69
121.212.121.212 - - [08/Mar/2005:00:00:00 -0800] "GET /robots.txt HTTP/1.1" 200 69
121.212.121.212 - - [09/Mar/2005:00:00:00 -0800] "GET /robots.txt HTTP/1.1" 200 69
121.212.121.212 - - [07/Aug/2005:00:00:00 -0800] "GET /robots.txt HTTP/1.1" 200 69
121.212.121.212 - - [08/Aug/2005:00:00:00 -0800] "GET /robots.txt HTTP/1.1" 200 69
121.212.121.212 - - [09/Aug/2005:00:00:00 -0800] "GET /robots.txt HTTP/1.1" 200 69
121.212.121.212 - - [10/Aug/2005:00:00:00 -0800] "GET /robots.txt HTTP/1.1" 200 69
121.212.121.212 - - [11/Aug/2005:00:00:00 -0800] "GET /robots.txt HTTP/1.1" 200 69
121.212.121.212 - - [12/Aug/2005:00:00:00 -0800] "GET /robots.txt HTTP/1.1" 200 69
121.212.121.212 - - [07/Dec/2005:00:00:00 -0800] "GET /robots.txt HTTP/1.1" 200 69
121.212.121.212 - - [10/Dec/2005:00:00:00 -0800] "GET /robots.txt HTTP/1.1" 200 69
121.212.121.212 - - [07/Mar/2006:00:00:02 -0800] "GET /robots.txt HTTP/1.1" 200 69
121.212.121.212 - - [07/Mar/2006:00:00:03 -0800] "GET /robots.txt HTTP/1.1" 200 69
121.212.121.212 - - [07/Mar/2006:00:00:04 -0800] "GET /robots.txt HTTP/1.1" 200 69
121.212.121.212 - - [07/Mar/2006:00:00:05 -0800] "GET /robots.txt HTTP/1.1" 200 69
121.212.121.212 - - [07/Mar/2006:00:00:06 -0800] "GET /robots.txt HTTP/1.1" 200 69
121.212.121.212 - - [07/Mar/2006:00:00:07 -0800] "GET /robots.txt HTTP/1.1" 200 69
121.212.121.212 - - [07/Mar/2006:00:00:08 -0800] "GET /robots.txt HTTP/1.1" 200 69
121.212.121.212 - - [07/May/2006:00:00:00 -0800] "GET /robots.txt HTTP/1.1" 200 69
121.212.121.212 - - [07/May/2006:00:00:00 -0800] "GET /robots.txt HTTP/1.1" 200 69